2026-08-08 16:19:17,609 | INFO | {"timestamp": "2026-08-08T10:49:17.609723", "event_type": "memory_added", "user_id": "user_1", "details": {"memory_id": "bf8e9c05-7a12-4b98-b614-5a37c2fd78c5", "memory_type": "conversation"}}
2026-08-08 16:26:30,591 | INFO | {"timestamp": "2026-08-08T10:56:30.591308", "event_type": "memory_added", "user_id": "user_1", "details": {"memory_id": "02758e6b-e258-4db3-affe-9db731327020", "memory_type": "conversation"}}
2026-08-08 16:35:45,577 | INFO | {"timestamp": "2026-08-08T11:05:45.577277", "event_type": "memory_added", "user_id": "user_1", "details": {"memory_id": "6f832a6c-39d8-4bec-a3b4-399367cbc0cc", "memory_type": "preference"}}
2026-08-08 16:36:21,601 | INFO | {"timestamp": "2026-08-08T11:06:21.601869", "event_type": "memory_added", "user_id": "user_1", "details": {"memory_id": "fff54af6-2521-4956-a29d-333b81e166aa", "memory_type": "preference"}}
2026-08-08 16:36:31,000 | INFO | {"timestamp": "2026-08-08T11:06:31.000432", "event_type": "memory_added", "user_id": "user_1", "details": {"memory_id": "2514bddf-2816-43bf-a0c6-92e93323a2ec", "memory_type": "preference"}}
2026-08-08 16:42:00,034 | INFO | {"timestamp": "2026-08-08T11:12:00.033913", "event_type": "memory_added", "user_id": "user_1", "details": {"memory_id": "d8756fc0-7981-43aa-84b1-1dfcd605b53d", "memory_type": "preference"}}
2026-08-08 16:42:12,118 | INFO | {"timestamp": "2026-08-08T11:12:12.118540", "event_type": "memory_added", "user_id": "user_1", "details": {"memory_id": "5ec5f23b-ed0f-4fd3-9049-e64569e9406d", "memory_type": "preference"}}
2026-08-08 16:53:13,395 | INFO | {"timestamp": "2026-08-08T11:23:13.393047", "event_type": "memory_added", "user_id": "user_1", "details": {"memory_id": "20ace9a7-04fe-4127-88b4-8f097f053d57", "memory_type": "preference"}}
2026-08-08 16:53:16,340 | INFO | {"timestamp": "2026-08-08T11:23:16.340544", "event_type": "memory_added", "user_id": "user_1", "details": {"memory_id": "ea4b5998-e8bb-4691-b8e0-28af394ee925", "memory_type": "preference"}}
2026-08-08 16:59:32,437 | INFO | {"timestamp": "2026-08-08T11:29:32.437576", "event_type": "memory_added", "user_id": "user_1", "details": {"memory_id": "364f435f-a144-44ab-9aaf-24dc179bbaa1", "memory_type": "preference"}}
2026-08-08 16:59:35,380 | INFO | {"timestamp": "2026-08-08T11:29:35.380470", "event_type": "memory_added", "user_id": "user_1", "details": {"memory_id": "7cae24a1-bb5f-455e-82eb-d495888a5067", "memory_type": "preference"}}
2026-08-08 17:05:07,286 | INFO | {"timestamp": "2026-08-08T11:35:07.286408", "event_type": "memory_added", "user_id": "user_1", "details": {"memory_id": "10ea658c-05a3-4857-a6e9-9dedcd7975da", "memory_type": "preference"}}
2026-08-08 17:19:10,302 | INFO | {"timestamp": "2026-08-08T11:49:10.302408", "event_type": "memory_added", "user_id": "user_1", "details": {"memory_id": "a3fc94bf-d867-4b13-a610-b1a3afb85e8a", "memory_type": "goal"}}
2026-08-09 11:20:12,476 | INFO | {"timestamp": "2026-08-09T05:50:12.474869", "event_type": "memory_added", "user_id": "user_1", "details": {"memory_id": "bde99c46-5a86-4a3e-94e7-84bea7a23602", "memory_type": "fact"}}
2026-08-09 11:58:59,442 | INFO | {"timestamp": "2026-08-09T06:28:59.442468", "event_type": "memory_retrieval", "user_id": "user_1", "details": {"query": "What does the user like to drink?", "retrieved": 0}}
2026-08-09 11:59:08,638 | INFO | {"timestamp": "2026-08-09T06:29:08.637717", "event_type": "memory_retrieval", "user_id": "user_1", "details": {"query": "What does the user like to drink?", "retrieved": 0}}
2026-08-09 11:59:12,032 | INFO | {"timestamp": "2026-08-09T06:29:12.031911", "event_type": "memory_retrieval", "user_id": "user_1", "details": {"query": "What does the user like to drink?", "retrieved": 0}}
2026-08-09 12:00:55,716 | INFO | {"timestamp": "2026-08-09T06:30:55.716036", "event_type": "memory_retrieval", "user_id": "user_1", "details": {"query": "What does the user like to drink?", "retrieved": 0}}
2026-08-09 12:15:47,414 | INFO | {"timestamp": "2026-08-09T06:45:47.414171", "event_type": "memory_retrieval", "user_id": "user_1", "details": {"query": "What does the user like to drink?", "retrieved": 3}}
2026-08-09 12:22:21,242 | INFO | {"timestamp": "2026-08-09T06:52:21.241089", "event_type": "reflection", "user_id": "user_1", "details": {"user_id": "user_1", "summary": {"total": 6, "preference": 2, "fact": 1, "goal": 1, "task": 0, "conversation": 2}, "maintenance": {"expired": 0, "duplicates_removed": 0, "low_confidence_removed": 0}}}
